// Jest Snapshot v1, https://goo.gl/fbAQLP

exports[`Snapshot Test 'TeamList' matches snapshot 1`] = `
<DocumentFragment>
  <div
    class="TeamList col-md-8 offset-md-2"
  >
    <h1>
      Teams in FIFA World Cup 2022
    </h1>
    <p>
      List of all teams competing
    </p>
    <div
      class="TeamList-list"
    />
  </div>
</DocumentFragment>
`;
